[    0.000000] Booting Linux on physical CPU 0x0
[    0.000000] Linux version 4.9.140-tegra (wong@wong-HP-Z420-Workstation) (gcc version 7.3.1 20180425 [linaro-7.3-2018.05 revision d29120a424ecfbc167ef90065c0eeb7f91977701] (Linaro GCC 7.3-2018.05) ) #1 SMP PREEMPT Tue Jul 21 16:30:49 CST 2020
[    0.000000] Boot CPU: AArch64 Processor [4e0f0040]
[    0.000000] OF: fdt:memory scan node memory, reg size 48,
[    0.000000] OF: fdt: - 80000000 ,  2c000000
[    0.000000] OF: fdt: - ac200000 ,  44600000
[    0.000000] OF: fdt: - 100000000 ,  180000000
[    0.000000] earlycon: tegra_comb_uart0 at MMIO32 0x000000000c168000 (options '')
[    0.000000] bootconsole [tegra_comb_uart0] enabled
[    0.000000] OF: fdt:Reserved memory: failed to reserve memory for node 'fb0_carveout': base 0x0000000000000000, size 0 MiB
[    0.000000] OF: fdt:Reserved memory: failed to reserve memory for node 'fb0_carveout': base 0x0000000000000000, size 0 MiB
[    0.000000] OF: fdt:Reserved memory: failed to reserve memory for node 'fb1_carveout': base 0x0000000000000000, size 0 MiB
[    0.000000] OF: fdt:Reserved memory: failed to reserve memory for node 'fb1_carveout': base 0x0000000000000000, size 0 MiB
[    0.000000] OF: fdt:Reserved memory: failed to reserve memory for node 'fb2_carveout': base 0x0000000000000000, size 0 MiB
[    0.000000] OF: fdt:Reserved memory: failed to reserve memory for node 'fb2_carveout': base 0x0000000000000000, size 0 MiB
[    0.000000] OF: fdt:Reserved memory: failed to reserve memory for node 'fb3_carveout': base 0x0000000000000000, size 0 MiB
[    0.000000] OF: fdt:Reserved memory: failed to reserve memory for node 'fb3_carveout': base 0x0000000000000000, size 0 MiB
[    0.000000] OF: reserved mem: initialized node ramoops_carveout, compatible id nvidia,ramoops
[    0.000000] OF: reserved mem: initialized node vpr-carveout, compatible id nvidia,vpr-carveout
[    0.000000] OF: reserved mem: initialized node grid-of-semaphores, compatible id nvidia,gosmem
[    0.000000] cma: Reserved 64 MiB at 0x00000000c2000000
[    0.000000] On node 0 totalpages: 2032640
[    0.000000]   DMA zone: 7184 pages used for memmap
[    0.000000]   DMA zone: 0 pages reserved
[    0.000000]   DMA zone: 459776 pages, LIFO batch:31
[    0.000000]   Normal zone: 24576 pages used for memmap
[    0.000000]   Normal zone: 1572864 pages, LIFO batch:31
[    0.000000] psci: probing for conduit method from DT.
[    0.000000] psci: PSCIv1.0 detected in firmware.
[    0.000000] psci: Using standard PSCI v0.2 function IDs
[    0.000000] psci: MIGRATE_INFO_TYPE not supported.
[    0.000000] psci: SMC Calling Convention v1.1
[    0.000000] percpu: Embedded 25 pages/cpu @ffffffc1ffd09000 s61656 r8192 d32552 u102400
[    0.000000] pcpu-alloc: s61656 r8192 d32552 u102400 alloc=25*4096
[    0.000000] pcpu-alloc: [0] 0 [0] 1 [0] 2 [0] 3 [0] 4 [0] 5 
[    0.000000] Speculative Store Bypass Disable mitigation not required
[    0.000000] Built 1 zonelists in Zone order, mobility grouping on.  Total pages: 2000880
[    0.000000] Kernel command line: root=/dev/mmcblk0p1 rw rootwait rootfstype=ext4 console=ttyTCU0,115200n8 console=tty0 fbcon=map:0 net.ifnames=0 video=tegrafb no_console_suspend=1 earlycon=tegra_comb_uart,mmio32,0x0c168000 gpt usbcore.old_scheme_first=1 tegraid=19.1.2.0.0 maxcpus=6 boot.slot_suffix= boot.ratchetvalues=0.4.2 vpr_resize sdhci_tegra.en_boot_part_access=1    quiet
[    0.000000] log_buf_len individual max cpu contribution: 32768 bytes
[    0.000000] log_buf_len total cpu_extra contributions: 163840 bytes
[    0.000000] log_buf_len min size: 32768 bytes
[    0.000000] log_buf_len: 262144 bytes
[    0.000000] early log buf free: 29100(88%)
[    0.000000] PID hash table entries: 4096 (order: 3, 32768 bytes)
[    0.000000] Dentry cache hash table entries: 1048576 (order: 11, 8388608 bytes)
[    0.000000] Inode-cache hash table entries: 524288 (order: 10, 4194304 bytes)
[    0.000000] Memory: 7190344K/8130560K available (15294K kernel code, 2936K rwdata, 6728K rodata, 8576K init, 611K bss, 186552K reserved, 753664K cma-reserved)
[    0.000000] Virtual kernel memory layout:
[    0.000000]     modules : 0xffffff8000000000 - 0xffffff8008000000   (   128 MB)
[    0.000000]     vmalloc : 0xffffff8008000000 - 0xffffffbebfff0000   (   250 GB)
[    0.000000]       .text : 0xffffff8008080000 - 0xffffff8008f70000   ( 15296 KB)
[    0.000000]     .rodata : 0xffffff8008f70000 - 0xffffff8009610000   (  6784 KB)
[    0.000000]       .init : 0xffffff8009610000 - 0xffffff8009e70000   (  8576 KB)
[    0.000000]       .data : 0xffffff8009e70000 - 0xffffff800a14e008   (  2937 KB)
[    0.000000]        .bss : 0xffffff800a14e008 - 0xffffff800a1e6f7c   (   612 KB)
[    0.000000]     fixed   : 0xffffffbefe7fd000 - 0xffffffbefec00000   (  4108 KB)
[    0.000000]     PCI I/O : 0xffffffbefee00000 - 0xffffffbeffe00000   (    16 MB)
[    0.000000]     vmemmap : 0xffffffbf00000000 - 0xffffffc000000000   (     4 GB maximum)
[    0.000000]               0xffffffbf00000000 - 0xffffffbf08000000   (   128 MB actual)
[    0.000000]     memory  : 0xffffffc000000000 - 0xffffffc200000000   (  8192 MB)
[    0.000000] SLUB: HWalign=64, Order=0-3, MinObjects=0, CPUs=6, Nodes=1
[    0.000000] Preemptible hierarchical RCU implementation.
[    0.000000] 	Build-time adjustment of leaf fanout to 64.
[    0.000000] 	RCU restricting CPUs from NR_CPUS=64 to nr_cpu_ids=6.
[    0.000000] RCU: Adjusting geometry for rcu_fanout_leaf=64, nr_cpu_ids=6
[    0.000000] NR_IRQS:64 nr_irqs:64 0
[    0.000000] GIC: Using split EOI/Deactivate mode
[    0.000000] arm_arch_timer: Architected cp15 timer(s) running at 31.25MHz (phys).
[    0.000000] clocksource: arch_sys_counter: mask: 0xffffffffffffff max_cycles: 0xe6a171046, max_idle_ns: 881590405314 ns
[    0.000005] sched_clock: 56 bits at 31MHz, resolution 32ns, wraps every 4398046511088ns
[    0.000598] Console: colour dummy device 80x25
[    0.000609] console [tty0] enabled
[    0.000616] bootconsole [tegra_comb_uart0] disabled
[    0.000629] kmemleak: Kernel memory leak detector disabled
[    0.000649] Calibrating delay loop (skipped), value calculated using timer frequency.. 62.50 BogoMIPS (lpj=125000)
[    0.000664] pid_max: default: 32768 minimum: 301
[    0.001750] Security Framework initialized
[    0.002343] Mount-cache hash table entries: 16384 (order: 5, 131072 bytes)
[    0.002352] Mountpoint-cache hash table entries: 16384 (order: 5, 131072 bytes)
[    0.004135] ftrace: allocating 47119 entries in 185 pages
[    0.393114] sched-energy: Sched-energy-costs installed from DT
[    0.393133] ASID allocator initialised with 65536 entries
[    0.428027] tegra-id: chipid=21917.
[    0.428039] tegra-id: opt_subrevision=0.
[    0.428067] Tegra Revision: A02 SKU: 0xde CPU Process: 0 SoC Process: 0
[    0.428081] DTS File Name: /home/wang/Arducam/Jetson/l4t-32.4.3-NX/Linux_for_Tegra/source/public/kernel_src/kernel/kernel-4.9/arch/arm64/boot/dts/../../../../../../hardware/nvidia/platform/t19x/jakku/kernel-dts/tegra194-p3668-all-p3509-0000.dts
[    0.428090] DTB Build time: Jul 21 2020 16:39:22
[    0.480902] CPU1: Booted secondary processor [4e0f0040]
[    0.512521] CPU2: Booted secondary processor [4e0f0040]
[    0.544624] CPU3: Booted secondary processor [4e0f0040]
[    0.576967] CPU4: Booted secondary processor [4e0f0040]
[    0.608945] CPU5: Booted secondary processor [4e0f0040]
[    0.609174] Brought up 6 CPUs
[    0.609226] SMP: Total of 6 processors activated.
[    0.609269] CPU features: detected feature: Privileged Access Never
[    0.609276] CPU features: detected feature: LSE atomic instructions
[    0.609282] CPU features: detected feature: User Access Override
[    0.609288] CPU features: detected feature: 32-bit EL0 Support
[    0.610864] CPU: All CPU(s) started at EL2
[    0.610914] alternatives: patching kernel code
[    0.617291] devtmpfs: initialized
[    0.655494] Initilizing CustomIPI irq domain
[    0.655771] clocksource: jiffies: mask: 0xffffffff max_cycles: 0xffffffff, max_idle_ns: 7645041785100000 ns
[    0.655788] futex hash table entries: 2048 (order: 5, 131072 bytes)
[    0.665889] pinctrl core: initialized pinctrl subsystem
[    0.666090] OS set in device tree is not L4T.
[    0.666320] regulator-dummy: no parameters
[    0.666523] Initializing plugin-manager
[    0.666577] Plugin module not found
[    0.666615] Plugin-manager status disabled
[    0.667553] NET: Registered protocol family 16
[    0.668724] pstore: using zlib compression
[    0.668750] console [pstore-1] enabled
[    0.668758] pstore: Registered ramoops as persistent store backend
[    0.668769] ramoops: attached 0x200000@0xf0600000, ecc: 0/0
[    0.683788] cpuidle: using governor menu
[    0.684759] bpmp: waiting for handshake
[    0.684770] bpmp: handshake completed
[    0.684788] bpmp: synchronizing channels
[    0.684799] bpmp: channels synchronized
[    0.684808] bpmp: mail init ok
[    0.687259] t19x-arm-smmu 12000000.iommu: found 3 SMMUs and ISO SMMU id is 2
[    0.687427] t19x-arm-smmu 12000000.iommu: probing hardware configuration...
[    0.687433] t19x-arm-smmu 12000000.iommu: SMMUv2 with:
[    0.687440] t19x-arm-smmu 12000000.iommu: 	stage 1 translation
[    0.687446] t19x-arm-smmu 12000000.iommu: 	stage 2 translation
[    0.687451] t19x-arm-smmu 12000000.iommu: 	nested translation
[    0.687460] t19x-arm-smmu 12000000.iommu: 	stream matching with 128 register groups, mask 0x7f80
[    0.687468] t19x-arm-smmu 12000000.iommu: SMMU address space size (0x800000) differs from mapped region size (0x1000000)!
[    0.687474] t19x-arm-smmu 12000000.iommu: 	64 context banks (0 stage-2 only)
[    0.687481] t19x-arm-smmu 12000000.iommu: 	Stage-1: 39-bit VA -> 48-bit IPA
[    0.687487] t19x-arm-smmu 12000000.iommu: 	Stage-2: 39-bit IPA -> 48-bit PA
[    0.691120] vdso: 2 pages (1 code @ ffffff8008f77000, 1 data @ ffffff8009e74000)
[    0.691153] hw-breakpoint: found 6 breakpoint and 4 watchpoint registers.
[    0.693744] atomic_pool_init():622: DMA: preallocated 1024 KiB pool for atomic allocations
[    0.695222] tegra_aon_clk_init: ok
[    0.695234] Registering BPMP clocks...
[    0.695334] tegra_bpmp_clk_init: clock init ok (400 clks)
[    0.696063] Serial: AMBA PL011 UART driver
[    0.696217] tegra_powergate_init: DONE
[    0.696289] DTS File Name: /home/wang/Arducam/Jetson/l4t-32.4.3-NX/Linux_for_Tegra/source/public/kernel_src/kernel/kernel-4.9/arch/arm64/boot/dts/../../../../../../hardware/nvidia/platform/t19x/jakku/kernel-dts/tegra194-p3668-all-p3509-0000.dts
[    0.696304] DTB Build time: Jul 21 2020 16:39:22
[    0.699038] Tegra reboot handler registered.
[    0.706591] iommu: Adding device 14160000.pcie to group 0
[    0.707259] iommu: Adding device 141a0000.pcie to group 1
[    0.708596] iommu: Adding device 2490000.ether_qos to group 2
[    0.709046] iommu: Adding device 3100000.serial to group 3
[    0.709520] iommu: Adding device 3110000.serial to group 4
[    0.709900] iommu: Adding device 3140000.serial to group 5
[    0.710480] tegra-pmc c360000.pmc: scratch reg offset dts data not present
[    0.710879] tegra-pmc: get_secure_pmc_setting: done secure_pmc=0
[    0.710905] tegra-pmc: ### PMC reset source: TEGRA_POWER_ON_RESET
[    0.710930] tegra-pmc: ### PMC reset level: TEGRA_RESET_LEVEL_L0
[    0.710939] tegra-pmc: ### PMC reset status reg: 0x0
[    0.711000] tegra-pmc: PMC Prod config success
[    0.711181] padctrl padctrl.0: Pad control driver tegra-pmc-padctrl registered
[    0.711194] tegra-pmc c360000.pmc: IO padctrl driver initialized
[    0.711474] iommu: Adding device 3400000.sdhci to group 6
[    0.711982] iommu: Adding device 3210000.spi to group 7
[    0.712353] iommu: Adding device 3230000.spi to group 8
[    0.712703] iommu: Adding device 3270000.spi to group 9
[    0.713945] iommu: Adding device 3160000.i2c to group 10
[    0.714340] iommu: Adding device c240000.i2c to group 11
[    0.714706] iommu: Adding device 3180000.i2c to group 12
[    0.715089] iommu: Adding device 3190000.i2c to group 13
[    0.715577] iommu: Adding device 31b0000.i2c to group 14
[    0.715990] iommu: Adding device 31c0000.i2c to group 15
[    0.716354] iommu: Adding device c250000.i2c to group 16
[    0.716708] iommu: Adding device 31e0000.i2c to group 17
[    0.717235] iommu: Adding device sound to group 18
[    0.717719] iommu: Adding device 3510000.hda to group 19
[    0.718276] iommu: Adding device bc00000.rtcpu to group 20
[    0.720058] iommu: Adding device 13e10000.host1x to group 21
[    0.720678] iommu: Adding device 13e10000.host1x:ctx0 to group 22
[    0.721081] iommu: Adding device 13e10000.host1x:ctx1 to group 23
[    0.721401] iommu: Adding device 13e10000.host1x:ctx2 to group 24
[    0.721764] iommu: Adding device 13e10000.host1x:ctx3 to group 25
[    0.722217] iommu: Adding device 13e10000.host1x:ctx4 to group 26
[    0.722546] iommu: Adding device 13e10000.host1x:ctx5 to group 27
[    0.722911] iommu: Adding device 13e10000.host1x:ctx6 to group 28
[    0.723311] iommu: Adding device 13e10000.host1x:ctx7 to group 29
[    0.723768] iommu: Adding device 15340000.vic to group 30
[    0.724185] iommu: Adding device 15380000.nvjpg to group 31
[    0.724433] iommu: Adding device 15500000.tsec to group 32
[    0.724689] iommu: Adding device 15100000.tsecb to group 33
[    0.725200] iommu: Adding device 15480000.nvdec to group 34
[    0.725471] iommu: Adding device 15140000.nvdec1 to group 35
[    0.725736] iommu: Adding device 154c0000.nvenc to group 36
[    0.726008] iommu: Adding device 15a80000.nvenc1 to group 37
[    0.726369] iommu: Adding device 15880000.nvdla0 to group 38
[    0.726734] iommu: Adding device 158c0000.nvdla1 to group 39
[    0.727263] iommu: Adding device 15200000.nvdisplay to group 40
[    0.731353] platform 15200000.nvdisplay: IOVA linear map 0x00000000c6000000(2a000000)
[    0.731446] t19x-arm-smmu: Adding 15200000.nvdisplay to ISO SMMU client
[    0.732077] iommu: Adding device 15210000.nvdisplay to group 41
[    0.732134] t19x-arm-smmu: Adding 15210000.nvdisplay to ISO SMMU client
[    0.733846] iommu: Adding device 15c10000.vi to group 42
[    0.733999] t19x-arm-smmu: Adding 15c10000.vi to ISO SMMU client
[    0.734427] iommu: Adding device 14800000.isp to group 43
[    0.735346] iommu: Adding device 16000000.pva0 to group 44
[    0.735846] iommu: Adding device 16800000.pva1 to group 45
[    0.736200] iommu: Adding device 15810000.se to group 46
[    0.736574] iommu: Adding device 15820000.se to group 47
[    0.736835] iommu: Adding device 15830000.se to group 48
[    0.737091] iommu: Adding device 15840000.se to group 49
[    0.737332] iommu: Adding device c1a0000.aon to group 50
[    0.738732] iommu: Adding device d000000.bpmp to group 51
[    0.739025] bpmp: ping status is 0
[    0.739162] bpmp d000000.bpmp: firmware tag is 57f8a77779f848bf2ecf21dabee5645f
[    0.742536] bpmp d000000.bpmp: probe ok
[    0.744040] tegra-reset 0.bpmp_reset: registered 190 resets.
[    0.744439] iommu: Adding device smmu_test to group 52
[    0.745412] mc: mapped MMIO address: 0xffffff800a5c0000 -> 0x2c10000
[    0.745429] mc: mapped MMIO address: 0xffffff800a5e0000 -> 0x2c20000
[    0.745445] mc: mapped MMIO address: 0xffffff800a7b0000 -> 0x2c30000
[    0.745460] mc: mapped MMIO address: 0xffffff800a7d0000 -> 0x2c40000
[    0.745477] mc: mapped MMIO address: 0xffffff800b010000 -> 0x2c50000
[    0.745492] mc: mapped MMIO address: 0xffffff800b030000 -> 0x2b80000
[    0.745506] mc: mapped MMIO address: 0xffffff800b050000 -> 0x2b90000
[    0.745522] mc: mapped MMIO address: 0xffffff800b070000 -> 0x2ba0000
[    0.745536] mc: mapped MMIO address: 0xffffff800b090000 -> 0x2bb0000
[    0.745551] mc: mapped MMIO address: 0xffffff800b0b0000 -> 0x1700000
[    0.745565] mc: mapped MMIO address: 0xffffff800b0d0000 -> 0x1710000
[    0.745579] mc: mapped MMIO address: 0xffffff800b0f0000 -> 0x1720000
[    0.745594] mc: mapped MMIO address: 0xffffff800b110000 -> 0x1730000
[    0.745608] mc: mapped MMIO address: 0xffffff800b130000 -> 0x1740000
[    0.745623] mc: mapped MMIO address: 0xffffff800b150000 -> 0x1750000
[    0.745637] mc: mapped MMIO address: 0xffffff800b170000 -> 0x1760000
[    0.745651] mc: mapped MMIO address: 0xffffff800b190000 -> 0x1770000
[    0.745721] mc-err: mcerr ops are set to t19x
[    0.750974] iommu: Adding device 2600000.dma to group 53
[    0.755646] gpio gpiochip0: gpio-line-names specifies 240 line names but there are 224 lines on the chip
[    0.756893] GPIO line 339 (wifi-enable) hogged as output/high
[    0.756928] GPIO line 412 (camera-control-output-low) hogged as output/low
[    0.756960] GPIO line 413 (camera-control-output-low) hogged as output/low
[    0.757225] gpiochip_setup_dev: registered GPIOs 288 to 511 on device: gpiochip0 (tegra-gpio)
[    0.763548] gpio gpiochip1: gpio-line-names specifies 21 line names but there are 40 lines on the chip
[    0.763610] GPIO line 253 (pex-refclk-sel-low) hogged as output/low
[    0.763640] GPIO line 266 (w-disable1) hogged as output/high
[    0.763668] GPIO line 264 (w-disable2) hogged as output/high
[    0.763917] gpiochip_setup_dev: registered GPIOs 248 to 287 on device: gpiochip1 (tegra-gpio-aon)
[    0.765883] tegra186-aowake c370000.pmc: WAKE_AOWAKE_CTRL_0 = 3
[    0.765894] tegra186-aowake c370000.pmc: WAKE_AOWAKE_CNTRL_24(PMU_INT) = 256
[    0.766578] iommu: Adding device 3550000.xudc to group 54
[    0.767177] iommu: Adding device 3610000.xhci to group 55
[    0.769135] arm64_ras arm64_ras: probed
[    0.769463] ras_fhi_enable: FHI 468 enabled on CPU0
[    0.769498] ras_fhi_enable: FHI 469 enabled on CPU1
[    0.769565] ras_fhi_enable: FHI 470 enabled on CPU2
[    0.769638] ras_fhi_enable: FHI 471 enabled on CPU3
[    0.769706] ras_fhi_enable: FHI 472 enabled on CPU4
[    0.769770] ras_fhi_enable: FHI 473 enabled on CPU5
[    0.769973] carmel_ras_enable: RAS enabled on cpu0
[    0.770138] carmel_ras_enable: RAS enabled on cpu1
[    0.770337] carmel_ras_enable: RAS enabled on cpu2
[    0.770533] carmel_ras_enable: RAS enabled on cpu3
[    0.770761] carmel_ras_enable: RAS enabled on cpu4
[    0.770958] carmel_ras_enable: RAS enabled on cpu5
[    0.771035] carmel_ras carmel_ras: probed
[    0.772150] tegra-cbb 2300000.cbb-noc: noc_secure_irq = 477, noc_nonsecure_irq = 476>
[    0.772578] tegra-cbb c600000.aon-noc: noc_secure_irq = 479, noc_nonsecure_irq = 478>
[    0.773471] tegra-cbb d600000.bpmp-noc: noc_secure_irq = 481, noc_nonsecure_irq = 480>
[    0.774344] tegra-cbb be00000.rce-noc: noc_secure_irq = 483, noc_nonsecure_irq = 482>
[    0.775263] tegra-cbb b600000.sce-noc: noc_secure_irq = 485, noc_nonsecure_irq = 484>
[    0.775577] tegra-cbb 14040000.cv-noc: defer probe as CV-NOC not probed yet
[    0.776778] vdd-ac-bat: 5000 mV 
[    0.777149] vdd-sdmmc1-sw: 3300 mV 
[    0.777438] vdd-1v8-sd: 1800 mV 
[    0.777704] vdd-3v3-cvb: 3300 mV 
[    0.777958] vdd-1v8-cvb: 1800 mV 
[    0.778265] vdd-epb-1v0: supplied by vdd-3v3-cvb
[    0.778305] vdd-epb-1v0: 1000 mV 
[    0.778646] avdd-cam-2v8: 2800 mV 
[    0.778930] vdd-fan: 5000 mV 
[    0.779203] vdd-hdmi-5v0: 5000 mV 
[    0.779638] vdd_sys_en: 1200 mV 
[    0.811742] HugeTLB registered 2 MB page size, pre-allocated 0 pages
[    0.816837] eventlib_kernel: keventlib is initialized, test id: 0
[    0.817205] SCSI subsystem initialized
[    0.817497] libata version 3.00 loaded.
[    0.817726] usbcore: registered new interface driver usbfs
[    0.817797] usbcore: registered new interface driver hub
[    0.817896] usbcore: registered new device driver usb
[    0.828888] tegra-i2c 31e0000.i2c: could not find pctldev for node /host1x/dpaux@155F0000/pinmux@0, deferring probe
[    0.831679] max77620 4-003c: PMIC Version OTP:0x51 and ES:0x1
[    0.839245] vdd-1v0: at 1000 mV 
[    0.843259] vdd-1v8-hs: at 1800 mV 
[    0.847264] vdd-1v8-ls: at 1800 mV 
[    0.851305] vdd-1v8-ao: at 1800 mV 
[    0.855301] vddio-ddr-1v1: at 1100 mV 
[    0.859083] vdd-rtc: at 800 mV 
[    0.860251] spmic-ldo1: at 2375 mV 
[    0.867138] vdd-ao-3v3: at 3300 mV 
[    0.875204] vddio-emmc-3v3: at 3300 mV 
[    0.876624] spmic-ldo4: at 1587 mV 
[    0.883251] vdd-usb-3v3: at 3300 mV 
[    0.891258] vddio-sdmmc1-3v3: at 3300 mV 
[    0.895274] vdd-csi-1v2: at 1200 mV 
[    0.896911] spmic-ldo8: at 1800 mV 
[    0.901756] GPIO line 246 (gpio_default) hogged as output/high
[    0.903155] GPIO line 247 (gpio_default) hogged as output/high
[    0.903450] gpiochip_setup_dev: registered GPIOs 240 to 247 on device: gpiochip2 (max77620-gpio)
[    0.903753] max77620 4-003c: max77620 probe successful
[    0.904502] media: Linux media interface: v0.10
[    0.904622] Linux video capture interface: v2.00
[    0.906092] pps_core: LinuxPPS API ver. 1 registered
[    0.906099] pps_core: Software ver. 5.3.6 - Copyright 2005-2007 Rodolfo Giometti <giometti@linux.it>
[    0.906120] PTP clock support registered
[    0.906483] tegra_wdt_t18x 30c0000.watchdog: Expiry count is deprecated
[    0.906774] tegra_wdt_t18x 30c0000.watchdog: Tegra WDT init timeout = 120 sec
[    0.906820] tegra_wdt_t18x 30c0000.watchdog: Registered successfully
[    0.909926] trusty trusty: trusty version: Built: 15:56:09 Aug  3 2020 
[    0.909986] trusty trusty: selected api version: 3 (requested 3)
[    0.911230] Advanced Linux Sound Architecture Driver Initialized.
[    0.911668] Bluetooth: Core ver 2.22
[    0.911712] NET: Registered protocol family 31
[    0.911718] Bluetooth: HCI device and connection manager initialized
[    0.911729] Bluetooth: HCI socket layer initialized
[    0.911738] Bluetooth: L2CAP socket layer initialized
[    0.911796] Bluetooth: SCO socket layer initialized
[    0.914778] camchar: rtcpu character device driver loaded
[    0.915355] gpio tegra-gpio wake61 for gpio=201(Z:1)
[    0.915440] extcon-gpio-states external-connection:extcon@1: Cable state:0, cable id:0
[    0.916403] clocksource: Switched to clocksource arch_sys_counter
[    0.959367] VFS: Disk quotas dquot_6.6.0
[    0.959469] VFS: Dquot-cache hash table entries: 512 (order 0, 4096 bytes)
[    0.959851] nvmap_heap_init: nvmap_heap_init: created heap block cache
[    0.961225] tegra-carveouts tegra-carveouts: assigned reserved memory node grid-of-semaphores
[    0.961273] dma_declare_coherent_resizable_cma_memory:324: resizable heap=vpr, base=0x00000000c6000000, size=0x2a000000
[    0.961544] cma: enabled page replacement for spfn=c6000, epfn=f0000
[    0.961555] dma_declare_coherent_resizable_cma_memory:373: resizable cma heap=vpr create successful
[    0.961571] nvmap: nvmap_select_cache_ops() nvmap cache ops set to scf
[    0.961580] nvmap_page_pool_init: Total RAM pages: 1986002
[    0.961596] nvmap_page_pool_init: nvmap page pool size: 248250 pages (969 MB)
[    0.961740] nvmap_background_zero_thread: PP zeroing thread starting.
[    0.962111] misc nvmap: created heap vpr base 0x00000000c6000000 size (688128KiB)
[    0.963621] tegra-gpcdma 2600000.dma: GPC DMA driver register 31 channels
[    0.975150] thermal thermal_zone0: Registering thermal zone thermal_zone0 for type CPU-therm
[    0.975312] thermal thermal_zone1: Registering thermal zone thermal_zone1 for type GPU-therm
[    0.975462] thermal thermal_zone2: Registering thermal zone thermal_zone2 for type AUX-therm
[    0.975637] thermal thermal_zone3: Registering thermal zone thermal_zone3 for type AO-therm
[    0.975801] thermal thermal_zone4: Registering thermal zone thermal_zone4 for type PMIC-Die
[    0.977068] la/ptsa driver initialized.
[    0.977456] NET: Registered protocol family 2
[    0.978439] TCP established hash table entries: 65536 (order: 7, 524288 bytes)
[    0.978765] TCP bind hash table entries: 65536 (order: 8, 1048576 bytes)
[    0.979375] TCP: Hash tables configured (established 65536 bind 65536)
[    0.979422] UDP hash table entries: 4096 (order: 5, 131072 bytes)
[    0.979551] UDP-Lite hash table entries: 4096 (order: 5, 131072 bytes)
[    0.980044] NET: Registered protocol family 1
[    0.980732] RPC: Registered named UNIX socket transport module.
[    0.980738] RPC: Registered udp transport module.
[    0.980743] RPC: Registered tcp transport module.
[    0.980747] RPC: Registered tcp NFSv4.1 backchannel transport module.
[    0.980759] PCI: CLS 0 bytes, default 64
[    0.980943] Trying to unpack rootfs image as initramfs...
[    1.173908] Freeing initrd memory: 5432K
[    1.188206] random: fast init done
[    1.192345] host1x 13e10000.host1x: initialized
[    1.194086] hw perfevents: enabled with armv8_pmuv3 PMU driver, 7 counters available
[    1.198879] audit: initializing netlink subsys (disabled)
[    1.198929] audit: type=2000 audit(0.824:1): initialized
[    1.199611] workingset: timestamp_bits=46 max_order=21 bucket_order=0
[    1.207978] squashfs: version 4.0 (2009/01/31) Phillip Lougher
[    1.209182] ntfs: driver 2.1.32 [Flags: R/W].
[    1.209835] 9p: Installing v9fs 9p2000 file system support
[    1.215150] Block layer SCSI generic (bsg) driver version 0.4 loaded (major 240)
[    1.215330] io scheduler noop registered
[    1.215544] io scheduler cfq registered (default)
[    1.218964] gic 2a41000.agic-controller: GIC IRQ controller registered
[    1.253030] iommu: Adding device 2993000.adsp to group 56
[    1.357189] iommu: Adding device aconnect@2a41000:adsp_audio to group 57
[    1.358232] tegra-aconnect aconnect@2a41000: Tegra ACONNECT bus registered
[    1.371193] tegra-pwm 3280000.pwm: PWM clk can sleep in ops
[    1.371651] tegra-pwm c340000.pwm: PWM clk can sleep in ops
[    1.372202] tegra-pwm 32c0000.pwm: PWM clk can sleep in ops
[    1.372633] tegra-pwm 32d0000.pwm: PWM clk can sleep in ops
[    1.373022] tegra-pwm 32f0000.pwm: PWM clk can sleep in ops
[    1.375989] tegra_camera_platform tegra-camera-platform: tegra_camera_probe:camera_platform_driver probe
[    1.376161] misc tegra_camera_ctrl: tegra_camera_isomgr_register isp_iso_bw=3925327, vi_iso_bw=1500000, max_bw=3925327
[    1.378916] tsec 15500000.tsec: initialized
[    1.380695] tsec 15100000.tsecb: initialized
[    1.384142] nvdec 15480000.nvdec: initialized
[    1.386654] nvdec 15140000.nvdec1: initialized
[    1.391756] falcon 15340000.vic: initialized
[    1.393355] falcon 15380000.nvjpg: initialized
[    1.395031] falcon 154c0000.nvenc: initialized
[    1.396728] falcon 15a80000.nvenc1: initialized
[    1.400658] iommu_context_dev 13e10000.host1x:ctx0: initialized (streamid=56)
[    1.402154] iommu_context_dev 13e10000.host1x:ctx1: initialized (streamid=57)
[    1.403617] iommu_context_dev 13e10000.host1x:ctx2: initialized (streamid=58)
[    1.405138] iommu_context_dev 13e10000.host1x:ctx3: initialized (streamid=59)
[    1.406595] iommu_context_dev 13e10000.host1x:ctx4: initialized (streamid=60)
[    1.408050] iommu_context_dev 13e10000.host1x:ctx5: initialized (streamid=61)
[    1.409412] iommu_context_dev 13e10000.host1x:ctx6: initialized (streamid=62)
[    1.410759] iommu_context_dev 13e10000.host1x:ctx7: initialized (streamid=63)
[    1.414010] t194-nvcsi 15a00000.nvcsi: initialized
[    1.419108] scare-pigeon 13e10000.host1x:vi-thi@15f00000: initialized
[    1.419498] scare-pigeon 14b00000.isp-thi: initialized
[    1.425015] pva 16000000.pva0: initialized
[    1.430528] pva 16800000.pva1: initialized
[    1.435392] nvdla 15880000.nvdla0: initialized
[    1.440005] nvdla 158c0000.nvdla1: initialized
[    1.441460] tegradccommon 15200000.dc_common: host1x channel mapped
[    1.441473] tegradccommon 15200000.dc_common: dc_common syncpt # 1 allocated
[    1.441506] tegradccommon 15200000.dc_common: dma mapping done
[    1.441672] tegra_cec 3960000.tegra_cec: dt=1 start=0x03960000 end=0x03960FFF irq=77
[    1.441683] tegra_cec 3960000.tegra_cec: Unpowergate DISP: 0.
[    1.441944] tegra_cec 3960000.tegra_cec: Enable clock result: 0.
[    1.441985] tegra_cec 3960000.tegra_cec: tegra_cec_init started
[    1.442211] tegra_cec 3960000.tegra_cec: cec_add_sysfs ret=0
[    1.442256] tegra_cec 3960000.tegra_cec: probed
[    1.442898] tegradc 15200000.nvdisplay: disp0 connected to head0->/host1x/sor1
[    1.442945] generic_infoframe_type: 0x87
[    1.443032] tegradc 15200000.nvdisplay: DT parsed successfully
[    1.443076] tegradc 15200000.nvdisplay: Display dc.ffffff800bce0000 registered with id=0
[    1.447383] tegra_nvdisp_bandwidth_register_max_config: max config iso bw = 7088400 KB/s
[    1.447400] tegra_nvdisp_bandwidth_register_max_config: max config EMC floor = 800000000 Hz
[    1.447406] tegra_nvdisp_bandwidth_register_max_config: max config hubclk = 300000000 Hz
[    1.447680] tegradc 15200000.nvdisplay: vblank syncpt # 8 for dc 0
[    1.447689] tegradc 15200000.nvdisplay: vpulse3 syncpt # 9 for dc 0
[    1.450442] tegradc 15200000.nvdisplay: hdmi: invalid prod list prod_list_hdmi_board
[    1.450451] tegradc 15200000.nvdisplay: hdmi: tegra_hdmi_tmds_range_read(bd) failed
[    1.453262] tegra-adma 2930000.adma: Tegra210 ADMA driver registered 32 channels
[    1.453904] tegra-fuse-burn 3820000.efuse:efuse-burn: shutdown limit check disabled
[    1.453913] tegra-fuse-burn 3820000.efuse:efuse-burn: Fuse burn driver initialized
[    1.454244] kfuse 3830000.kfuse: initialized
[    1.454433] tegradc 15200000.nvdisplay: probed
[    1.455019] Console: switching to colour frame buffer device 80x30
[    1.455047] tegradc 15200000.nvdisplay: fb registered
[    1.455452] gpio tegra-gpio wake63 for gpio=97(M:1)
[    1.455925] tegradc 15210000.nvdisplay: disp1 connected to head1->/host1x/sor
[    1.455953] tegradc 15210000.nvdisplay: parse_dp_settings: No dp-lt-settings node
[    1.456049] tegradc 15210000.nvdisplay: DT parsed successfully
[    1.456084] tegradc 15210000.nvdisplay: Display dc.ffffff800be50000 registered with id=1
[    1.456253] tegradc 15210000.nvdisplay: vblank syncpt # 11 for dc 1
[    1.456263] tegradc 15210000.nvdisplay: vpulse3 syncpt # 12 for dc 1
[    1.460735] Serial: 8250/16550 driver, 4 ports, IRQ sharing disabled
[    1.463096] 3100000.serial: ttyTHS0 at MMIO 0x3100000 (irq = 47, base_baud = 0) is a TEGRA_UART
[    1.464450] 3110000.serial: ttyTHS1 at MMIO 0x3110000 (irq = 48, base_baud = 0) is a TEGRA_UART
[    1.465618] 3140000.serial: ttyTHS4 at MMIO 0x3140000 (irq = 49, base_baud = 0) is a TEGRA_UART
[    1.466561] tegradc 15210000.nvdisplay: probed
[    1.466717] console [ttyTCU0] enabled
[    1.466889] tegradc 15210000.nvdisplay: fb registered
[    1.467067] [drm] Initialized
[    1.470550] hpd: state 7 (Takeover from bootloader), hpd 0, pending_hpd_evt 1
[    1.470558] hpd: switching from state 7 (Takeover from bootloader) to state 0 (Reset)
[    1.470569] hpd: state 0 (Reset), hpd 0, pending_hpd_evt 0
[    1.470582] tegradc 15210000.nvdisplay: blank - powerdown
[    1.470597] extcon-disp-state external-connection:disp-state: cable 44 state 0 already set.
[    1.470601] Extcon DP: HPD disabled
[    1.470606] hpd: hpd_switch 0
[    1.470611] hpd: switching from state 0 (Reset) to state 1 (Check Plug)
[    1.470622] hpd: state 1 (Check Plug), hpd 0, pending_hpd_evt 0
[    1.470630] hpd: switching from state 1 (Check Plug) to state 3 (Disabled)
[    1.481356] brd: module loaded
[    1.486082] loop: module loaded
[    1.486190] tegra_profiler: version: 1.141, samples/io: 48/28
[    1.486292] tegra_profiler: auth: init
[    1.486979] THERMAL EST: found 3 subdevs
[    1.486986] THERMAL EST num_resources: 0
[    1.486992] [THERMAL EST subdev 0]
[    1.487015] [THERMAL EST subdev 1]
[    1.487028] [THERMAL EST subdev 2]
[    1.487047] THERMAL EST: Found 2 profiles, default profile is quiet
[    1.487424] thermal thermal_zone5: Registering thermal zone thermal_zone5 for type thermal-fan-est
[    1.487432] THERMAL EST: thz register success.
[    1.487625] THERMAL EST: end of probe, return err: 0
[    1.488997] sd: No Scsi addr parsed to reserve index
[    1.489072] hisi_sas: driver version v1.6
[    1.498870] qspi_mtd spi6.0: s25fs256s SSG 8 0 1000 2000000
[    1.498880] qspi_mtd spi6.0: s25fs256s (32768 Kbytes)
[    1.498890] qspi_mtd spi6.0: mtd .name = spi6.0, .size = 0x2000000 (32MiB) .erasesize = 0x00010000 (64KiB) .numeraseregions = 0
[    1.499095] 1 ofpart partitions found on MTD device spi6.0
[    1.499101] Creating 1 MTD partitions on "spi6.0":
[    1.499119] 0x000000000000-0x000002000000 : "Whole_flash0"
[    1.501314] libphy: Fixed MDIO Bus: probed
[    1.501844] tun: Universal TUN/TAP device driver, 1.6
[    1.501850] tun: (C) 1999-2004 Max Krasnyansky <maxk@qualcomm.com>
[    1.502570] e1000e: Intel(R) PRO/1000 Network Driver - 3.2.6-k
[    1.502576] e1000e: Copyright(c) 1999 - 2015 Intel Corporation.
[    1.502613] igb: Intel(R) Gigabit Ethernet Network Driver - version 5.4.0-k
[    1.502618] igb: Copyright (c) 2007-2014 Intel Corporation.
[    1.502657] igbvf: Intel(R) Gigabit Virtual Function Network Driver - version 2.4.0-k
[    1.502662] igbvf: Copyright (c) 2009 - 2012 Intel Corporation.
[    1.502701] Intel(R) 10GbE PCI Express Linux Network Driver - version 4.6.4
[    1.502732] Copyright(c) 1999 - 2017 Intel Corporation.
[    1.748018] eqos 2490000.ether_qos: Setting local MAC: 48 b0 2d 5 a6 f6
[    1.748175] libphy: dwc_phy: probed
[    1.750533] PPP generic driver version 2.4.2
[    1.750928] PPP BSD Compression module registered
[    1.750936] PPP Deflate Compression module registered
[    1.750955] PPP MPPE Compression module registered
[    1.750962] NET: Registered protocol family 24
[    1.751013] usbcore: registered new interface driver r8152
[    1.751047] usbcore: registered new interface driver asix
[    1.751095] usbcore: registered new interface driver ax88179_178a
[    1.751125] usbcore: registered new interface driver cdc_ether
[    1.751149] usbcore: registered new interface driver net1080
[    1.751177] usbcore: registered new interface driver cdc_subset
[    1.751204] usbcore: registered new interface driver zaurus
[    1.751238] usbcore: registered new interface driver cdc_ncm
[    1.751425] VFIO - User Level meta-driver version: 0.3
[    1.752649] ehci_hcd: USB 2.0 'Enhanced' Host Controller (EHCI) Driver
[    1.752667] ehci-pci: EHCI PCI platform driver
[    1.752696] ohci_hcd: USB 1.1 'Open' Host Controller (OHCI) Driver
[    1.752721] ohci-pci: OHCI PCI platform driver
[    1.752748] ohci-platform: OHCI generic platform driver
[    1.757492] tegra-xusb 3610000.xhci: USB2 port 0 has OTG_CAP
[    1.759567] tegra-xusb 3610000.xhci: extcon 0: ffffffc1f4db5000 id
[    1.760278] usbcore: registered new interface driver uas
[    1.760341] usbcore: registered new interface driver usb-storage
[    1.760443] usbcore: registered new interface driver usbserial
[    1.762147] tegra-xusb 3610000.xhci: Firmware timestamp: 2019-07-24 05:47:34 UTC, Version: 60.06 release
[    1.762181] tegra-xusb 3610000.xhci: xHCI Host Controller
[    1.762199] tegra-xusb 3610000.xhci: new USB bus registered, assigned bus number 1
[    1.762885] tegra-xusb 3610000.xhci: hcc params 0x0184ff25 hci version 0x110 quirks 0x00050810
[    1.762951] tegra-xusb 3610000.xhci: irq 463, io mem 0x03610000
[    1.763202] usb usb1: New USB device found, idVendor=1d6b, idProduct=0002
[    1.763210] usb usb1: New USB device strings: Mfr=3, Product=2, SerialNumber=1
[    1.763216] usb usb1: Product: xHCI Host Controller
[    1.763223] usb usb1: Manufacturer: Linux 4.9.140-tegra xhci-hcd
[    1.763229] usb usb1: SerialNumber: 3610000.xhci
[    1.763621] hub 1-0:1.0: USB hub found
[    1.763667] hub 1-0:1.0: 4 ports detected
[    1.764035] tegra-xusb 3610000.xhci: xHCI Host Controller
[    1.764048] tegra-xusb 3610000.xhci: new USB bus registered, assigned bus number 2
[    1.764059] tegra-xusb 3610000.xhci: Host supports USB 3.1 Enhanced SuperSpeed
[    1.764331] usb usb2: New USB device found, idVendor=1d6b, idProduct=0003
[    1.764339] usb usb2: New USB device strings: Mfr=3, Product=2, SerialNumber=1
[    1.764346] usb usb2: Product: xHCI Host Controller
[    1.764352] usb usb2: Manufacturer: Linux 4.9.140-tegra xhci-hcd
[    1.764359] usb usb2: SerialNumber: 3610000.xhci
[    1.764740] hub 2-0:1.0: USB hub found
[    1.764786] hub 2-0:1.0: 4 ports detected
[    1.766091] edid invalid
[    1.766321] tegra-xudc-new 3550000.xudc: PMQOS CPU boost enabled
[    1.766396] tegra-xudc-new 3550000.xudc: device count: 1
[    1.767301] tegra-xudc-new 3550000.xudc: vbus state: 0
[    1.767311] tegra-xudc-new 3550000.xudc: Initialize boost_cpufreq work
[    1.767338] tegra-xudc-new 3550000.xudc: entering ELPG
[    1.767533] tegra-xudc-new 3550000.xudc: entering ELPG done
[    1.768117] mousedev: PS/2 mouse device common for all mice
[    1.768224] usbcore: registered new interface driver xpad
[    1.872290] tegra-i2c 3190000.i2c: no acknowledge from address 0x50
[    1.876489] tegra-i2c 3190000.i2c: no acknowledge from address 0x50
[    1.880647] tegra-i2c 3190000.i2c: no acknowledge from address 0x50
[    1.884933] tegra-i2c 3190000.i2c: no acknowledge from address 0x50
[    1.889215] tegra-i2c 3190000.i2c: no acknowledge from address 0x50
[    1.893487] tegra-i2c 3190000.i2c: no acknowledge from address 0x50
[    1.897776] tegra-i2c 3190000.i2c: no acknowledge from address 0x50
[    1.899512] max77686-rtc max77620-rtc: rtc core: registered max77620-rtc as rtc0
[    1.901212] Wake73 for irq=42
[    1.902080] tegra-i2c 3190000.i2c: no acknowledge from address 0x50
[    1.902497] rtc rtc1: alarm rtc device
[    1.902517] tegra_rtc c2a0000.rtc: rtc core: registered c2a0000.rtc as rtc1
[    1.902557] tegra_rtc c2a0000.rtc: Tegra internal Real Time Clock
[    1.902795] i2c /dev entries driver
[    1.904706] i2c i2c-2: Added multiplexed i2c bus 9
[    1.905083] i2c i2c-2: Added multiplexed i2c bus 10
[    1.905091] i2c-mux-gpio cam_i2cmux: 2 port mux on 3180000.i2c adapter
[    1.905485] imx477 9-001a: tegracam sensor driver:imx477_v2.0.6
[    1.906264] tegra-i2c 3190000.i2c: no acknowledge from address 0x50
[    1.910419] tegra-i2c 3190000.i2c: no acknowledge from address 0x50
[    1.911037] tegradc 15200000.nvdisplay: hdmi: edid read failed
[    1.911286] tegradc 15200000.nvdisplay: hdmi: using fallback edid
[    1.911481] tegradc 15200000.nvdisplay: blank - powerdown
[    1.929382] tegra-i2c 3180000.i2c: no acknowledge from address 0x1a
[    1.929453] imx477 9-001a: imx477_board_setup: error during i2c read probe (-121)
[    1.929506] imx477 9-001a: board setup failed
[    1.929655] imx477: probe of 9-001a failed with error -121
[    1.930073] imx477 10-001a: tegracam sensor driver:imx477_v2.0.6
[    1.955851] max77620-power max20024-power: Event recorder REG_NVERC : 0x44
[    1.963893] tegra-thermal-throttle bthrot_cdev: clk:cpu max:1907200000, min:115200000 steps:24
[    1.964113] tegradc 15200000.nvdisplay: unblank
[    1.965057] tegra_nvdisp_handle_pd_enable: Unpowergated Head0 pd
[    1.968949] tegra-thermal-throttle bthrot_cdev: clk:gpu max:1109250000, min:114750000 steps:10
[    1.968970] tegra_nvdisp_handle_pd_enable: Unpowergated Head1 pd
[    1.969013] tegra-thermal-throttle bthrot_cdev: cdev:skin-balanced clk:0:cpu off:0 slope-adj:200
[    1.969018] tegra-thermal-throttle bthrot_cdev: cdev:skin-balanced clk:1:gpu off:0 slope-adj:400
[    1.969132] tegra-thermal-throttle bthrot_cdev: cdev:skin-balanced max_state:48 cutoff:0
[    1.969204] tegra-thermal-throttle bthrot_cdev: cdev:gpu-balanced clk:0:cpu off:0 slope-adj:400
[    1.969209] tegra-thermal-throttle bthrot_cdev: cdev:gpu-balanced clk:1:gpu off:0 slope-adj:400
[    1.969698] tegra-thermal-throttle bthrot_cdev: cdev:gpu-balanced max_state:40 cutoff:1
[    1.969750] tegra-thermal-throttle bthrot_cdev: cdev:cpu-balanced clk:0:cpu off:0 slope-adj:200
[    1.969756] tegra-thermal-throttle bthrot_cdev: cdev:cpu-balanced clk:1:gpu off:365500000 slope-adj:300
[    1.970071] tegra-thermal-throttle bthrot_cdev: cdev:cpu-balanced max_state:48 cutoff:0
[    1.970143] tegra-thermal-throttle bthrot_cdev: cdev:emergency-balanced clk:0:cpu off:38400000 slope-adj:10
[    1.970149] tegra-thermal-throttle bthrot_cdev: cdev:emergency-balanced clk:1:gpu off:25500000 slope-adj:10
[    1.970508] tegra-thermal-throttle bthrot_cdev: cdev:emergency-balanced max_state:2 cutoff:0
[    1.970559] tegra-thermal-throttle bthrot_cdev: cdev:aux-balanced clk:0:cpu off:0 slope-adj:400
[    1.970564] tegra-thermal-throttle bthrot_cdev: cdev:aux-balanced clk:1:gpu off:0 slope-adj:400
[    1.970920] tegra-thermal-throttle bthrot_cdev: cdev:aux-balanced max_state:40 cutoff:1
[    1.971333] Parent Clock set for DC plld2
[    1.971708] FAN dev name: pwm-fan
[    1.971756] FAN:gpio request success.
[    1.971763] FAN: can't find tach_gpio
[    1.971772] pwm_fan_driver pwm-fan: Found 2 profiles, default profile is quiet
[    1.971810] pwm_fan_driver pwm-fan: cap state:4, cap pwm:255
[    1.972006] pwm_fan_driver pwm-fan: got pwm for fan. polarity is normal
[    1.972011] pwm_fan_driver pwm-fan: tach period: 1000
[    1.972895] pwm_fan_driver pwm-fan: index 0: pwm=0, rpm=0, rru=40, rrd=40, state:2
[    1.972901] pwm_fan_driver pwm-fan: index 1: pwm=130, rpm=1000, rru=2, rrd=2, state:2
[    1.972906] pwm_fan_driver pwm-fan: index 2: pwm=160, rpm=2000, rru=1, rrd=1, state:2
[    1.972910] pwm_fan_driver pwm-fan: index 3: pwm=200, rpm=3000, rru=1, rrd=1, state:2
[    1.972915] pwm_fan_driver pwm-fan: index 4: pwm=255, rpm=4000, rru=1, rrd=1, state:3
[    1.972919] pwm_fan_driver pwm-fan: index 5: pwm=255, rpm=5000, rru=1, rrd=1, state:3
[    1.972923] pwm_fan_driver pwm-fan: index 6: pwm=255, rpm=6000, rru=1, rrd=1, state:3
[    1.972927] pwm_fan_driver pwm-fan: index 7: pwm=255, rpm=7000, rru=1, rrd=1, state:4
[    1.972932] pwm_fan_driver pwm-fan: index 8: pwm=255, rpm=10000, rru=1, rrd=1, state:4
[    1.972937] pwm_fan_driver pwm-fan: index 9: pwm=255, rpm=11000, rru=1, rrd=1, state:4
[    1.974535] device-mapper: uevent: version 1.0.3
[    1.975189] device-mapper: ioctl: 4.35.0-ioctl (2016-06-23) initialised: dm-devel@redhat.com
[    1.977212] tegradc 15200000.nvdisplay: hdmi: tmds rate:74250K prod-setting:prod_c_hdmi_54m_111m
[    1.978779] tegradc 15200000.nvdisplay: hdmi: get RGB quant from EDID.
[    1.978786] tegradc 15200000.nvdisplay: hdmi: get YCC quant from EDID.
[    1.979450] tegra194_cpufreq_probe: platform driver Initialization: pass
[    1.980732] cpuidle: Initializing cpuidle driver
[    1.981624] sdhci: Secure Digital Host Controller Interface driver
[    1.981626] sdhci: Copyright(c) Pierre Ossman
[    1.981629] sdhci-pltfm: SDHCI platform and OF driver helper
[    1.981871] sdhci-tegra 3400000.sdhci: Got CD GPIO
[    1.982736] sdhci-tegra 3400000.sdhci: Client registration for eMC Successful
[    1.983005] tegra-i2c 3190000.i2c: no acknowledge from address 0x50
[    1.985281] sdhci-tegra 3400000.sdhci: wakeup init done, cdirq 245
[    1.988033] extcon-disp-state external-connection:disp-state: cable 47 state 1
[    1.988036] Extcon AUX1(HDMI) enable
[    1.990019] tegra-se-elp 3ad0000.se_elp: tegra_se_elp_probe: complete
[    1.991168] tegra-se-nvhost 15810000.se: initialized
[    1.992136] tegra-se-nvhost 15810000.se: tegra_se_probe: complete
[    1.993193] tegra-se-nvhost 15820000.se: initialized
[    1.994254] tegra-se-nvhost 15820000.se: tegra_se_probe: complete
[    1.994882] tegra-se-nvhost 15830000.se: initialized
[    1.995484] tegra-se-nvhost 15830000.se: tegra_se_probe: complete
[    1.996475] tegra-se-nvhost 15840000.se: initialized
[    1.997459] tegra-se-nvhost 15840000.se: tegra_se_probe: complete
[    1.997784] hidraw: raw HID events driver (C) Jiri Kosina
[    1.999984] usbcore: registered new interface driver usbhid
[    1.999987] usbhid: USB HID core driver
[    2.004115] tegra186-cam-rtcpu bc00000.rtcpu: deferring, 14800000.isp is not probed
[    2.005336] tegra_aon c1a0000.aon: tegra aon driver probe OK
[    2.005856] tegra186-aondbg aondbg: aondbg driver probe() OK
[    2.006685] denver_knobs_init:MTS_VERSION:50168445
[    2.006860] tegra19x_actmon d230000.actmon: in actmon_register()...
[    2.007478] tegra19x_actmon d230000.actmon: initialization Completed for the device mc_all
[    2.007911] t19x_cache tegra-cache: probed
[    2.009911] misc nvmap: cvsram :dma coherent mem declare 0x0000000050000000,4194304
[    2.009917] misc nvmap: created heap cvsram base 0x0000000050000000 size (4096KiB)
[    2.010448] carmel-pmu-drv carmel-pmu: Registered Carmel PMU
[    2.010840] PLL_AON clock registered
[    2.011760] Clocks initialized successfully
[    2.013237] nvpmodel: initialized successfully
[    2.014511] trusty-virtio trusty:virtio: initializing
[    2.014727] trusty_ipc virtio0: vring0: va(pa)  ffffffc1e2ace000(0) qsz 32 notifyid 1
[    2.014736] trusty_ipc virtio0: vring1: va(pa)  ffffffc1e2aec000(0) qsz 32 notifyid 2
[    2.014904] trusty-virtio trusty:virtio: initializing done
[    2.015025] trusty_ipc virtio0: is online
[    2.015536] tegra-hda 3510000.hda: Override SDO lines to 4
[    2.015957] usbcore: registered new interface driver snd-usb-audio
[    2.032518] gpio tegra-gpio wake8 for gpio=55(G:7)
[    2.032584] mmc0: SDHCI controller on 3400000.sdhci [3400000.sdhci] using ADMA 64-bit with 64 bit addr
[    2.039403] input: tegra-hda-xnx HDMI/DP,pcm=3 as /devices/3510000.hda/sound/card0/input0
[    2.039638] input: tegra-hda-xnx HDMI/DP,pcm=7 as /devices/3510000.hda/sound/card0/input1
[    2.039807] input: tegra-hda-xnx HDMI/DP,pcm=8 as /devices/3510000.hda/sound/card0/input2
[    2.039947] input: tegra-hda-xnx HDMI/DP,pcm=9 as /devices/3510000.hda/sound/card0/input3
[    2.077509] OPE platform probe
[    2.077677] OPE platform probe successful
[    2.096462] usb 1-2: new high-speed USB device number 2 using tegra-xusb
[    2.135715] usb 1-2: New USB device found, idVendor=0bda, idProduct=5489
[    2.135723] usb 1-2: New USB device strings: Mfr=1, Product=2, SerialNumber=0
[    2.135751] usb 1-2: Product: 4-Port USB 2.0 Hub
[    2.135755] usb 1-2: Manufacturer: Generic
[    2.137070] hub 1-2:1.0: USB hub found
[    2.138351] hub 1-2:1.0: 4 ports detected
[    2.158673] tegra-asoc: sound: ADMAIF1 <-> ADMAIF1 mapping ok
[    2.158809] tegra-asoc: sound: ADMAIF2 <-> ADMAIF2 mapping ok
[    2.158951] tegra-asoc: sound: ADMAIF3 <-> ADMAIF3 mapping ok
[    2.159095] tegra-asoc: sound: ADMAIF4 <-> ADMAIF4 mapping ok
[    2.159211] tegra-asoc: sound: ADMAIF5 <-> ADMAIF5 mapping ok
[    2.159309] tegra-asoc: sound: ADMAIF6 <-> ADMAIF6 mapping ok
[    2.159405] tegra-asoc: sound: ADMAIF7 <-> ADMAIF7 mapping ok
[    2.159509] tegra-asoc: sound: ADMAIF8 <-> ADMAIF8 mapping ok
[    2.159614] tegra-asoc: sound: ADMAIF9 <-> ADMAIF9 mapping ok
[    2.159716] tegra-asoc: sound: ADMAIF10 <-> ADMAIF10 mapping ok
[    2.159809] tegra-asoc: sound: ADMAIF11 <-> ADMAIF11 mapping ok
[    2.159913] tegra-asoc: sound: ADMAIF12 <-> ADMAIF12 mapping ok
[    2.160009] tegra-asoc: sound: ADMAIF13 <-> ADMAIF13 mapping ok
[    2.160103] tegra-asoc: sound: ADMAIF14 <-> ADMAIF14 mapping ok
[    2.160180] tegra-asoc: sound: ADMAIF15 <-> ADMAIF15 mapping ok
[    2.160259] tegra-asoc: sound: ADMAIF16 <-> ADMAIF16 mapping ok
[    2.160332] tegra-asoc: sound: ADMAIF17 <-> ADMAIF17 mapping ok
[    2.160444] tegra-asoc: sound: ADMAIF18 <-> ADMAIF18 mapping ok
[    2.160533] tegra-asoc: sound: ADMAIF19 <-> ADMAIF19 mapping ok
[    2.160609] tegra-asoc: sound: ADMAIF20 <-> ADMAIF20 mapping ok
[    2.188594] u32 classifier
[    2.188598]     Actions configured
[    2.188672] Initializing XFRM netlink socket
[    2.189240] NET: Registered protocol family 10
[    2.189988] NET: Registered protocol family 17
[    2.189999] NET: Registered protocol family 15
[    2.190055] bridge: filtering via arp/ip/ip6tables is no longer available by default. Update your scripts to load br_netfilter if you need this.
[    2.190137] Bluetooth: RFCOMM socket layer initialized
[    2.190161] Bluetooth: RFCOMM ver 1.11
[    2.190167] Bluetooth: HIDP (Human Interface Emulation) ver 1.2
[    2.190175] Bluetooth: HIDP socket layer initialized
[    2.190191] 9pnet: Installing 9P2000 support
[    2.190229] Key type dns_resolver registered
[    2.190447] Registered cp15_barrier emulation handler
[    2.190465] Registered setend emulation handler
[    2.192259] registered taskstats version 1
[    2.192819] tegra-pcie-dw 14160000.pcie: Setting init speed to max speed
[    2.193892] OF: PCI: host bridge /pcie@14160000 ranges:
[    2.193910] OF: PCI:    IO 0x36100000..0x361fffff -> 0x36100000
[    2.193918] OF: PCI:   MEM 0x1740000000..0x17ffffffff -> 0x40000000
[    2.193941] OF: PCI:   MEM 0x1400000000..0x173fffffff -> 0x1400000000
[    2.213343] mmc0: host does not support reading read-only switch, assuming write-enable
[    2.304433] tegra-pcie-dw 14160000.pcie: link is up
[    2.304744] tegra-pcie-dw 14160000.pcie: PCI host bridge to bus 0004:00
[    2.304751] pci_bus 0004:00: root bus resource [bus 00-ff]
[    2.304759] pci_bus 0004:00: root bus resource [io  0x0000-0xfffff] (bus address [0x36100000-0x361fffff])
[    2.304764] pci_bus 0004:00: root bus resource [mem 0x1740000000-0x17ffffffff] (bus address [0x40000000-0xffffffff])
[    2.304767] pci_bus 0004:00: root bus resource [mem 0x1400000000-0x173fffffff pref]
[    2.304794] pci 0004:00:00.0: [10de:1ad1] type 01 class 0x060400
[    2.304939] pci 0004:00:00.0: PME# supported from D0 D3hot D3cold
[    2.305163] iommu: Adding device 0004:00:00.0 to group 58
[    2.305470] pci 0004:01:00.0: [10ec:c822] type 00 class 0x028000
[    2.305591] pci 0004:01:00.0: reg 0x10: initial BAR value 0x00000000 invalid
[    2.305595] pci 0004:01:00.0: reg 0x10: [io  size 0x0100]
[    2.305770] pci 0004:01:00.0: reg 0x18: [mem 0x00000000-0x0000ffff 64bit]
[    2.306511] pci 0004:01:00.0: supports D1 D2
[    2.306514] pci 0004:01:00.0: PME# supported from D0 D1 D2 D3hot D3cold
[    2.306834] iommu: Adding device 0004:01:00.0 to group 59
[    2.321398] pci 0004:00:00.0: BAR 14: assigned [mem 0x1740000000-0x17400fffff]
[    2.321403] pci 0004:00:00.0: BAR 13: assigned [io  0x1000-0x1fff]
[    2.321409] pci 0004:01:00.0: BAR 2: assigned [mem 0x1740000000-0x174000ffff 64bit]
[    2.321501] pci 0004:01:00.0: BAR 0: assigned [io  0x1000-0x10ff]
[    2.321528] pci 0004:00:00.0: PCI bridge to [bus 01-ff]
[    2.321532] pci 0004:00:00.0:   bridge window [io  0x1000-0x1fff]
[    2.321539] pci 0004:00:00.0:   bridge window [mem 0x1740000000-0x17400fffff]
[    2.321576] pci 0004:00:00.0: Max Payload Size set to  128/ 256 (was  256), Max Read Rq  512
[    2.321635] pci 0004:01:00.0: Max Payload Size set to  128/ 128 (was  128), Max Read Rq  512
[    2.321945] pcieport 0004:00:00.0: Signaling PME through PCIe PME interrupt
[    2.321949] pci 0004:01:00.0: Signaling PME through PCIe PME interrupt
[    2.321954] pcie_pme 0004:00:00.0:pcie001: service driver pcie_pme loaded
[    2.322089] aer 0004:00:00.0:pcie002: service driver aer loaded
[    2.322830] tegra-pcie-dw 141a0000.pcie: Setting init speed to max speed
[    2.324065] OF: PCI: host bridge /pcie@141a0000 ranges:
[    2.324084] OF: PCI:    IO 0x3a100000..0x3a1fffff -> 0x3a100000
[    2.324092] OF: PCI:   MEM 0x1f40000000..0x1fffffffff -> 0x40000000
[    2.324097] OF: PCI:   MEM 0x1c00000000..0x1f3fffffff -> 0x1c00000000
[    2.432434] tegra-pcie-dw 141a0000.pcie: link is up
[    2.432688] tegra-pcie-dw 141a0000.pcie: PCI host bridge to bus 0005:00
[    2.432695] pci_bus 0005:00: root bus resource [bus 00-ff]
[    2.432702] pci_bus 0005:00: root bus resource [io  0x100000-0x1fffff] (bus address [0x3a100000-0x3a1fffff])
[    2.432707] pci_bus 0005:00: root bus resource [mem 0x1f40000000-0x1fffffffff] (bus address [0x40000000-0xffffffff])
[    2.432711] pci_bus 0005:00: root bus resource [mem 0x1c00000000-0x1f3fffffff pref]
[    2.432735] pci 0005:00:00.0: [10de:1ad0] type 01 class 0x060400
[    2.432873] pci 0005:00:00.0: PME# supported from D0 D3hot D3cold
[    2.433060] iommu: Adding device 0005:00:00.0 to group 60
[    2.433364] pci 0005:01:00.0: [126f:2263] type 00 class 0x010802
[    2.433483] pci 0005:01:00.0: reg 0x10: [mem 0x00000000-0x00003fff 64bit]
[    2.434318] iommu: Adding device 0005:01:00.0 to group 61
[    2.445230] pci 0005:00:00.0: BAR 14: assigned [mem 0x1f40000000-0x1f400fffff]
[    2.445238] pci 0005:01:00.0: BAR 0: assigned [mem 0x1f40000000-0x1f40003fff 64bit]
[    2.445316] pci 0005:00:00.0: PCI bridge to [bus 01-ff]
[    2.445323] pci 0005:00:00.0:   bridge window [mem 0x1f40000000-0x1f400fffff]
[    2.445337] pci 0005:00:00.0: Max Payload Size set to  128/ 256 (was  256), Max Read Rq  512
[    2.445379] pci 0005:01:00.0: Max Payload Size set to  128/ 128 (was  128), Max Read Rq  512
[    2.445586] pcieport 0005:00:00.0: Signaling PME through PCIe PME interrupt
[    2.445590] pci 0005:01:00.0: Signaling PME through PCIe PME interrupt
[    2.445595] pcie_pme 0005:00:00.0:pcie001: service driver pcie_pme loaded
[    2.445677] aer 0005:00:00.0:pcie002: service driver aer loaded
[    2.446069] nvme nvme0: pci function 0005:01:00.0
[    2.446148] nvme 0005:01:00.0: enabling device (0000 -> 0002)
[    2.448459] tegra_cec 3960000.tegra_cec: physical address: 10:00.
[    2.455877] tegra-cbb 14040000.cv-noc: noc_secure_irq = 89, noc_nonsecure_irq = 88>
[    2.460494] tegra194-isp5 14800000.isp: initialized
[    2.467730] tegra194-vi5 15c10000.vi: using default number of vi channels, 36
[    2.468435] usb 1-3: new full-speed USB device number 3 using tegra-xusb
[    2.471049] tegra194-vi5 15c10000.vi: initialized
[    2.475681] tegra194-vi5 15c10000.vi: subdev 15a00000.nvcsi--2 bound
[    2.475763] tegra194-vi5 15c10000.vi: subdev imx477 10-001a bound
[    2.475768] tegra194-vi5 15c10000.vi: subdev 15a00000.nvcsi--1 bound
[    2.477429] tegra186-cam-rtcpu bc00000.rtcpu: Trace buffer configured at IOVA=0xbff00000
[    2.489595] usb 1-3: New USB device found, idVendor=13d3, idProduct=3549
[    2.489608] usb 1-3: New USB device strings: Mfr=1, Product=2, SerialNumber=3
[    2.489619] usb 1-3: Product: Bluetooth Radio
[    2.489629] usb 1-3: Manufacturer: Realtek
[    2.489638] usb 1-3: SerialNumber: 00e04c000001
[    2.494327] mmc0: hw tuning done ...
[    2.494364] mmc0: new ultra high speed SDR50 SDXC card at address aaaa
[    2.494900] mmcblk0: mmc0:aaaa SB64G 59.5 GiB 
[    2.501101]  mmcblk0: p1 p2 p3 p4 p5 p6 p7 p8 p9 p10 p11
[    2.512991] tegra_cec 3960000.tegra_cec: Sent <Text View On> res: -113.
[    2.512995] tegra_cec 3960000.tegra_cec: tegra_cec_init Done.
[    2.559773] tegra-ivc ivc-bc00000.rtcpu: region 0: iova=0xbfee0000-0xbfefffff size=131072
[    2.560186] tegra-ivc ivc-bc00000.rtcpu:echo@0: echo: ver=0 grp=1 RX[16x64]=0x1000-0x1480 TX[16x64]=0x1480-0x1900
[    2.560375] tegra-ivc ivc-bc00000.rtcpu:dbg@1: dbg: ver=0 grp=1 RX[1x384]=0x1900-0x1b00 TX[1x384]=0x1b00-0x1d00
[    2.560606] tegra-ivc ivc-bc00000.rtcpu:dbg@2: dbg: ver=0 grp=1 RX[1x8192]=0x1d00-0x3d80 TX[1x8192]=0x3d80-0x5e00
[    2.561100] tegra-ivc ivc-bc00000.rtcpu:ivccontrol@3: ivccontrol: ver=0 grp=1 RX[64x320]=0x5e00-0xae80 TX[64x320]=0xae80-0xff00
[    2.561170] tegra-ivc ivc-bc00000.rtcpu:ivccapture@4: ivccapture: ver=0 grp=1 RX[512x64]=0xff00-0x17f80 TX[512x64]=0x17f80-0x20000
[    2.561383] tegra186-cam-rtcpu bc00000.rtcpu: using cam RTCPU IRQ (65)
[    2.561386] tegra186-cam-rtcpu bc00000.rtcpu: tegra_camrtc_mon_create is successful
[    2.562307] tegra186-cam-rtcpu bc00000.rtcpu: firmware version cpu=rce cmd=5 sha1=cf2bef3ad10e437272857b76308abef8ffb80bda
[    2.562941] gpio tegra-gpio wake67 for gpio=48(G:0)
[    2.563019] gpio tegra-gpio-aon wake29 for gpio=36(EE:4)
[    2.563174] input: gpio-keys as /devices/gpio-keys/input/input4
[    2.571709]  nvme0n1: p1
[    2.593426] tegra_rtc c2a0000.rtc: setting system clock to 2020-10-07 07:24:37 UTC (1602055477)
[    2.594022] mmcblk mmc0:aaaa: Card claimed for testing.
[    2.631167] bpmp: mounted debugfs mirror
[    2.637693] vdd-1v8-sd: disabling
[    2.637699] vdd-1v8-cvb: disabling
[    2.637701] vdd-epb-1v0: disabling
[    2.637703] avdd-cam-2v8: disabling
[    2.637706] vdd-fan: disabling
[    2.637709] vdd_sys_en: disabling
[    2.637719] ALSA device list:
[    2.637721]   #0: tegra-hda-xnx at 0x3518000 irq 64
[    2.637723]   #1: jetson-xaviernx-ape
[    2.856458] usb 1-2.3: new high-speed USB device number 4 using tegra-xusb
[    3.446528] usb 1-2.3: New USB device found, idVendor=046d, idProduct=0892
[    3.446533] usb 1-2.3: New USB device strings: Mfr=0, Product=2, SerialNumber=1
[    3.446536] usb 1-2.3: Product: HD Pro Webcam C920
[    3.446539] usb 1-2.3: SerialNumber: 439B121F
[    4.000600] Freeing unused kernel memory: 8576K
[    4.007838] extcon-disp-state external-connection:disp-state: cable 51 state 1
[    4.007843] Extcon HDMI: HPD enabled
[    4.007860] tegradc 15200000.nvdisplay: hdmi: plugged
[    4.039112] Root device found: mmcblk0p1
[    4.040451] Found dev node: /dev/mmcblk0p1
[    4.040465] usb 1-2.4: new full-speed USB device number 5 using tegra-xusb
[    4.064539] usb 1-2.4: New USB device found, idVendor=24ae, idProduct=1813
[    4.064548] usb 1-2.4: New USB device strings: Mfr=1, Product=2, SerialNumber=0
[    4.064552] usb 1-2.4: Product: Rapoo 2.4G Wireless Device
[    4.064556] usb 1-2.4: Manufacturer: RAPOO
[    4.067129] input: RAPOO Rapoo 2.4G Wireless Device as /devices/3610000.xhci/usb1/1-2/1-2.4/1-2.4:1.0/0003:24AE:1813.0001/input/input5
[    4.096788] EXT4-fs (mmcblk0p1): mounted filesystem with ordered data mode. Opts: (null)
[    4.097681] Rootfs mounted over mmcblk0p1
[    4.129026] hid-generic 0003:24AE:1813.0001: input,hidraw0: USB HID v1.01 Keyboard [RAPOO Rapoo 2.4G Wireless Device] on usb-3610000.xhci-2.4/input0
[    4.131567] Switching from initrd to actual rootfs
[    4.132091] input: RAPOO Rapoo 2.4G Wireless Device as /devices/3610000.xhci/usb1/1-2/1-2.4/1-2.4:1.1/0003:24AE:1813.0002/input/input6
[    4.188964] hid-generic 0003:24AE:1813.0002: input,hidraw1: USB HID v1.01 Mouse [RAPOO Rapoo 2.4G Wireless Device] on usb-3610000.xhci-2.4/input1
[    4.510138] ip_tables: (C) 2000-2006 Netfilter Core Team
[    4.514970] cgroup: cgroup2: unknown option "nsdelegate"
[    4.530426] systemd[1]: systemd 237 running in system mode. (+PAM +AUDIT +SELINUX +IMA +APPARMOR +SMACK +SYSVINIT +UTMP +LIBCRYPTSETUP +GCRYPT +GNUTLS +ACL +XZ +LZ4 +SECCOMP +BLKID +ELFUTILS +KMOD -IDN2 +IDN -PCRE2 default-hierarchy=hybrid)
[    4.531126] systemd[1]: Detected architecture arm64.
[    4.538880] systemd[1]: Set hostname to <JetsonNX>.
[    4.722405] systemd[1]: File /lib/systemd/system/systemd-journald.service:36 configures an IP firewall (IPAddressDeny=any), but the local system does not support BPF/cgroup based firewalling.
[    4.722418] systemd[1]: Proceeding WITHOUT firewalling in effect! (This warning is only shown for the first loaded unit using IP firewalling.)
[    4.995577] random: systemd: uninitialized urandom read (16 bytes read)
[    4.998450] systemd[1]: Created slice System Slice.
[    4.998702] random: systemd: uninitialized urandom read (16 bytes read)
[    4.998899] systemd[1]: Listening on /dev/initctl Compatibility Named Pipe.
[    4.998945] random: systemd: uninitialized urandom read (16 bytes read)
[    4.998968] systemd[1]: Reached target User and Group Name Lookups.
[    4.999009] systemd[1]: Reached target Swap.
[    4.999245] systemd[1]: Listening on Syslog Socket.
[    5.065824] EXT4-fs (mmcblk0p1): re-mounted. Opts: (null)
[    5.213113] nvgpu: 17000000.gv11b          nvgpu_nvhost_syncpt_init:291  [INFO]  syncpt_unit_base 60000000 syncpt_unit_size 400000 size 1000

[    5.303491] systemd-journald[2297]: Received request to flush runtime journal from PID 1
[    5.941164] Wake76 for irq=199
[    5.941172] Wake77 for irq=199
[    5.941175] Wake78 for irq=199
[    5.941177] Wake79 for irq=199
[    5.941180] Wake80 for irq=199
[    5.941183] Wake81 for irq=199
[    5.941186] Wake82 for irq=199
[    5.941223] tegra-xusb 3610000.xhci: Upgrade port 0 to USB3.0
[    5.941229] tegra-xusb 3610000.xhci: Upgrade port 1 to USB3.0
[    6.261821] random: crng init done
[    6.261960] random: 7 urandom warning(s) missed due to ratelimiting
[    6.269274] usb 2-3: new SuperSpeedPlus USB device number 2 using tegra-xusb
[    6.289432] using random self ethernet address
[    6.289595] using random host ethernet address
[    6.306214] usb 2-3: New USB device found, idVendor=0bda, idProduct=0489
[    6.306224] usb 2-3: New USB device strings: Mfr=1, Product=2, SerialNumber=0
[    6.306230] usb 2-3: Product: 4-Port USB 3.0 Hub
[    6.306234] usb 2-3: Manufacturer: Generic
[    6.316271] hub 2-3:1.0: USB hub found
[    6.318180] hub 2-3:1.0: 4 ports detected
[    6.660649] rtl88x2ce 0004:01:00.0: enabling device (0000 -> 0003)
[    6.892479] usb 2-3: usb_suspend_both: status 0
[    6.892661] usb usb2: usb_suspend_both: status 0
[    7.112725] usbcore: registered new interface driver btusb
[    7.141782] rtk_btusb: Realtek Bluetooth USB driver ver 3.1
[    7.141790] rtk_btcoex: rtk_btcoex_init: version: 1.2
[    7.141794] rtk_btcoex: create workqueue
[    7.141966] rtk_btcoex: alloc buffers 1792, 2432 for ev and l2
[    7.142054] rtk_btusb: btusb_probe intf->cur_altsetting->desc.bInterfaceNumber 0
[    7.142060] rtk_btusb: btusb_probe can_wakeup 1, may wakeup 0
[    7.142064] rtk_btusb: patch_add
[    7.142068] rtk_btusb: auto suspend is disabled
[    7.142071] rtk_btusb: pid = 0x3549
[    7.142096] rtk_btusb: patch_add: Reset gEVersion to 0xff
[    7.142107] rtk_btusb: set_bit(HCI_QUIRK_RESET_ON_CLOSE, &hdev->quirks);
[    7.142896] rtk_btusb: btusb_probe: done
[    7.142911] rtk_btusb: btusb_open start
[    7.142917] rtk_btusb: btusb_open hdev->promisc ==0
[    7.142952] usbcore: registered new interface driver rtk_btusb
[    7.143116] rtk_btusb: download_patch start
[    7.143120] rtk_btusb: chip type value: 0x73
[    7.143126] rtk_btusb: HCI reset.
[    7.154575] rtk_btusb: read_ver_rsp->lmp_subver = 0x8822
[    7.154579] rtk_btusb: read_ver_rsp->hci_rev = 0xc
[    7.154582] rtk_btusb: patch_entry->lmp_sub = 0x8822
[    7.154584] rtk_btusb: load_firmware start
[    7.154586] rtk_btusb: lmp_version = 0x8822
[    7.154588] rtk_btusb: config filename rtl8822cu_config
[    7.166674] rtk_btusb: no bdaddr file /opt/bdaddr
[    7.166680] rtk_btusb: 55 ab 23 87 00 00
[    7.166689] rtk_btusb: Config file length 6, new length 6
[    7.166692] rtk_btusb: fw name is  rtl8822cu_fw
[    7.172276] rtk_btusb: This is not 8723a, use new patch style!
[    7.172283] rtk_btusb: rtk_get_eversion: gEVersion 255
[    7.173566] rtk_btusb: eversion->status = 0x0, eversion->version = 0x3
[    7.173572] rtk_btusb: load_firmware: New gEVersion 3
[    7.173575] rtk_btusb: rtk_get_fw_project_id: opcode 0, len 1, data 13
[    7.173578] rtk_btusb: lmp_version is 8822, project_id is 8822, match!
[    7.173580] rtk_btusb: fw_version = 0x98a42f7
[    7.173582] rtk_btusb: number_of_total_patch = 3
[    7.173583] rtk_btusb: chipID 4
[    7.173585] rtk_btusb: patch_length 0x55f0
[    7.173587] rtk_btusb: start_offset 0x00005d00
[    7.173589] rtk_btusb: Svn version:    21761
[    7.173592] rtk_btusb: Coexistence: BTCOEX_20190509-0d0d
[    7.173594] rtk_btusb: buf_len = 0x55f6
[    7.173609] rtk_btusb: fw: exists, config file: exists
[    7.173613] rtk_btusb: load_firmware done
[    7.173633] rtk_btusb: download_data start
[    7.285487] gspca_main: v2.14.0 registered
[    7.286555] rtk_btusb: download_data done
[    7.286559] rtk_btusb: HCI reset.
[    7.289649] gspca_main: vc032x-2.14.0 probing 046d:0892
[    7.289989] gspca_vc032x: reg_r err -32
[    7.290016] vc032x: probe of 1-2.3:1.0 failed with error -32
[    7.290193] usbcore: registered new interface driver vc032x
[    7.295022] uvcvideo: Found UVC 1.00 device HD Pro Webcam C920 (046d:0892)
[    7.296488] uvcvideo 1-2.3:1.0: Entity type for entity Processing 3 was not initialized!
[    7.296495] uvcvideo 1-2.3:1.0: Entity type for entity Extension 6 was not initialized!
[    7.296501] uvcvideo 1-2.3:1.0: Entity type for entity Extension 8 was not initialized!
[    7.296504] uvcvideo 1-2.3:1.0: Entity type for entity Extension 9 was not initialized!
[    7.296508] uvcvideo 1-2.3:1.0: Entity type for entity Extension 10 was not initialized!
[    7.296512] uvcvideo 1-2.3:1.0: Entity type for entity Extension 11 was not initialized!
[    7.296515] uvcvideo 1-2.3:1.0: Entity type for entity Extension 13 was not initialized!
[    7.296518] uvcvideo 1-2.3:1.0: Entity type for entity Camera 1 was not initialized!
[    7.297547] rtk_btusb: read_ver_rsp->lmp_subver = 0x42f7
[    7.297551] rtk_btusb: read_ver_rsp->hci_rev = 0x98a
[    7.297553] rtk_btusb: patch_entry->lmp_sub = 0x8822
[    7.297560] rtk_btusb: Rtk patch end 0
[    7.297589] rtk_btusb: btusb_open set HCI_RUNNING
[    7.297611] rtk_btcoex: Open BTCOEX
[    7.297613] rtk_btusb: btusb_open end
[    7.297962] input: HD Pro Webcam C920 as /devices/3610000.xhci/usb1/1-2/1-2.3/1-2.3:1.0/input/input7
[    7.299172] usbcore: registered new interface driver uvcvideo
[    7.299176] USB Video Class driver (1.1.1)
[    7.299559] rtk_btcoex: BTCOEX hci_rev 0x098a
[    7.299562] rtk_btcoex: BTCOEX lmp_subver 0x42f7
[    7.319580] rtk_btusb: btusb_notify: hci0 evt 3
[    7.841770] Mass Storage Function, version: 2009/09/11
[    7.841776] LUN: removable file: (no medium)
[    7.846555] using random self ethernet address
[    7.846559] using random host ethernet address
[    8.645575] rndis0: HOST MAC b6:fc:53:3d:1f:64
[    8.645660] rndis0: MAC b6:fc:53:3d:1f:65
[    8.646170] usb0: HOST MAC b6:fc:53:3d:1f:66
[    8.646214] usb0: MAC b6:fc:53:3d:1f:67
[    8.646230] tegra-xudc-new 3550000.xudc: exiting ELPG
[    8.647373] tegra-xudc-new 3550000.xudc: exiting ELPG done
[    8.647391] tegra-xudc-new 3550000.xudc: ep 0 (type: 0, dir: out) enabled
[    8.647426] tegra-xudc-new 3550000.xudc: entering ELPG
[    8.647609] Bluetooth: BNEP (Ethernet Emulation) ver 1.3
[    8.647619] Bluetooth: BNEP socket layer initialized
[    8.647638] tegra-xudc-new 3550000.xudc: entering ELPG done
[    8.647674] tegra-xudc-new 3550000.xudc: exiting ELPG
[    8.648161] tegra-xudc-new 3550000.xudc: exiting ELPG done
[    8.648178] tegra-xudc-new 3550000.xudc: entering ELPG
[    8.648437] tegra-xudc-new 3550000.xudc: entering ELPG done
[    8.653563] l4tbr0: port 1(rndis0) entered blocking state
[    8.653568] l4tbr0: port 1(rndis0) entered disabled state
[    8.653919] device rndis0 entered promiscuous mode
[    8.660294] IPv6: ADDRCONF(NETDEV_UP): rndis0: link is not ready
[    8.667493] l4tbr0: port 2(usb0) entered blocking state
[    8.667499] l4tbr0: port 2(usb0) entered disabled state
[    8.667680] device usb0 entered promiscuous mode
[    8.681190] IPv6: ADDRCONF(NETDEV_UP): usb0: link is not ready
[    9.408454] usb 1-2.3: usb_suspend_both: status 0
[   10.292533] IPv6: ADDRCONF(NETDEV_UP): eth0: link is not ready
[   10.605757] gpio tegra-gpio wake20 for gpio=52(G:4)
[   10.618606] IPv6: ADDRCONF(NETDEV_UP): eth0: link is not ready
[   10.648835] IPv6: ADDRCONF(NETDEV_UP): wlan0: link is not ready
[   10.941115] IPv6: ADDRCONF(NETDEV_UP): wlan0: link is not ready
[   11.061651] IPv6: ADDRCONF(NETDEV_UP): wlan0: link is not ready
[   11.313027] ras_fhi_disable: FHI 470 disabled
[   11.313624] CPU2: shutdown
[   11.313770] psci: CPU2 killed.
[   11.373858] ras_fhi_disable: FHI 471 disabled
[   11.381166] CPU3: shutdown
[   11.400524] psci: Retrying again to check for CPU kill
[   11.400549] psci: CPU3 killed.
[   11.457036] ras_fhi_disable: FHI 472 disabled
[   11.458171] CPU4: shutdown
[   11.458306] psci: CPU4 killed.
[   11.495229] ras_fhi_disable: FHI 473 disabled
[   11.505223] CPU5: shutdown
[   11.524548] psci: Retrying again to check for CPU kill
[   11.524570] psci: CPU5 killed.
[   11.527577] nvgpu: 17000000.gv11b                 tpc_pg_mask_store:843  [INFO]  no value change, same mask already set
[   11.863210] zram: Added device: zram0
[   11.870437] zram: Added device: zram1
[   11.913233] zram0: detected capacity change from 0 to 2037252096
[   11.987992] Adding 1989500k swap on /dev/zram0.  Priority:5 extents:1 across:1989500k SS
[   11.992391] zram1: detected capacity change from 0 to 2037252096
[   12.019731] Adding 1989500k swap on /dev/zram1.  Priority:5 extents:1 across:1989500k SS
[   14.482399] tegradc 15200000.nvdisplay: blank - powerdown
[   14.545707] extcon-disp-state external-connection:disp-state: cable 47 state 0
[   14.545711] Extcon AUX1(HDMI) disable
[   14.567791] tegra_nvdisp_handle_pd_disable: Powergated Head1 pd
[   14.568282] tegra_nvdisp_handle_pd_disable: Powergated Head0 pd
[   14.568641] tegradc 15200000.nvdisplay: unblank
[   14.569549] tegra_nvdisp_handle_pd_enable: Unpowergated Head0 pd
[   14.569655] tegra_nvdisp_handle_pd_enable: Unpowergated Head1 pd
[   14.571436] Parent Clock set for DC plld2
[   14.578636] tegradc 15200000.nvdisplay: hdmi: tmds rate:74250K prod-setting:prod_c_hdmi_54m_111m
[   14.579953] tegradc 15200000.nvdisplay: hdmi: get RGB quant from EDID.
[   14.579963] tegradc 15200000.nvdisplay: hdmi: get YCC quant from EDID.
[   14.616555] extcon-disp-state external-connection:disp-state: cable 47 state 1
[   14.616558] Extcon AUX1(HDMI) enable
[   14.616790] tegradc 15200000.nvdisplay: unblank
[   14.616802] tegradc 15210000.nvdisplay: blank - powerdown
[   16.250689] IPv6: ADDRCONF(NETDEV_CHANGE): wlan0: link becomes ready
[   20.040251] fuse init (API version 7.26)
[   20.716705] usb 1-2.3: reset high-speed USB device number 4 using tegra-xusb
[   23.441286] tegradc 15200000.nvdisplay: unblank
[   23.441336] tegradc 15210000.nvdisplay: blank - powerdown
[   31.340459] usb 1-2.3: usb_suspend_both: status 0
